// Jest Snapshot v1, https://goo.gl/fbAQLP

exports[`renders correctly when there is no props 1`] = `
<div
  className="container-CommonChart"
  style={
    Object {
      "height": 270,
    }
  }
>
  <div
    className="no-data"
  >
    No data
  </div>
</div>
`;
